exports[`Input renders correctly`] = `
<input
  className="input"
  onBlur={[Function onBlur]}
  placeholder="" />
`;
