exports[`ControlPanel renders correctly`] = `
<div
  className="control-panel">
  <Connect(sizeInputFieldContainer) />
  <Connect(sizeInputFieldContainer) />
  <Connect(PlayButton) />
</div>
`;
